# User config line 1/3
master:
- master.cli1
- master.cli2
# User config line 2/3
id: id.config_multimaster1
# User config line 3/3
