# User config line 1/3
master: master.cli
# User config line 2/3
id: id.config_multimaster2
# User config line 3/3
